import 'package:dbus_onemw/dbus.dart';

//part_placeholder

@DBusAPI()
class ComExampleTestInternal extends DBusRemoteObject {
  ComExampleTestInternal(DBusClient client, String destination, DBusObjectPath path) : super(client, name: destination, path: path);

  /// Invokes com.example.Test.Hello1()
  @DBusReplySignature('', [])
  Future<void> callHello1({bool noAutoStart = false, bool allowInteractiveAuthorization = false}) async {
    await callMethod('com.example.Test', 'Hello1', [], replySignature: DBusSignature(''), noAutoStart: noAutoStart, allowInteractiveAuthorization: allowInteractiveAuthorization);
  }

  /// Invokes com.example.Test.Hello2()
  @DBusReplySignature('', [])
  Future<void> callHello2({bool noAutoStart = false, bool allowInteractiveAuthorization = false}) async {
    await callMethod('com.example.Test', 'Hello2', [], replySignature: DBusSignature(''), noAutoStart: noAutoStart, allowInteractiveAuthorization: allowInteractiveAuthorization);
  }

  /// Invokes com.example.Test.Hello3()
  @DBusReplySignature('', [])
  Future<void> callHello3({bool noAutoStart = false, bool allowInteractiveAuthorization = false}) async {
    await callMethod('com.example.Test', 'Hello3', [], replySignature: DBusSignature(''), noAutoStart: noAutoStart, allowInteractiveAuthorization: allowInteractiveAuthorization);
  }
}
