import 'package:dbus/dbus.dart';

//part_placeholder

@DBusAPI()
class ComExampleTestInternal extends DBusRemoteObject {
  ComExampleTestInternal(DBusClient client, String destination, DBusObjectPath path) : super(client, name: destination, path: path);

  /// Invokes com.example.Test.Hello()
  @DBusReplySignature('', [])
  Future<void> callHello({bool noAutoStart = false, bool allowInteractiveAuthorization = false}) async {
    await callMethod('com.example.Test', 'Hello', [], replySignature: DBusSignature(''), noAutoStart: noAutoStart, allowInteractiveAuthorization: allowInteractiveAuthorization);
  }
}
